Archive:  app/build/outputs/apk/debug/app-debug.apk
  Length      Date    Time    Name
---------  ---------- -----   ----
       56  1981-01-01 01:01   META-INF/com/android/build/gradle/app-metadata.properties
 18769796  1981-01-01 01:01   classes.dex
    85352  1981-01-01 01:01   classes10.dex
  9990452  1981-01-01 01:01   classes11.dex
    56400  1981-01-01 01:01   classes2.dex
    52488  1981-01-01 01:01   classes3.dex
   398036  1981-01-01 01:01   classes4.dex
    78660  1981-01-01 01:01   classes5.dex
  1581320  1981-01-01 01:01   classes6.dex
     3944  1981-01-01 01:01   classes7.dex
     8116  1981-01-01 01:01   classes8.dex
   314424  1981-01-01 01:01   classes9.dex
    10096  1981-01-01 01:01   lib/arm64-v8a/libandroidx.graphics.path.so
  3969040  1981-01-01 01:01   lib/arm64-v8a/libcuraengine_exec.so
     4488  1981-01-01 01:01   lib/arm64-v8a/libenderslicer_native.so
    35171  1981-01-01 01:01   assets/bumpmesh/LICENSE
     5028  1981-01-01 01:01   assets/bumpmesh/android-bridge.js
    55732  1981-01-01 01:01   assets/bumpmesh/index.html
    40718  1981-01-01 01:01   assets/bumpmesh/js/decimation.js
    34868  1981-01-01 01:01   assets/bumpmesh/js/displacement.js
     9561  1981-01-01 01:01   assets/bumpmesh/js/exclusion.js
    15308  1981-01-01 01:01   assets/bumpmesh/js/exportPipeline.js
     1872  1981-01-01 01:01   assets/bumpmesh/js/exportWorker.js
     8579  1981-01-01 01:01   assets/bumpmesh/js/exporter.js
     6416  1981-01-01 01:01   assets/bumpmesh/js/i18n.js
    21043  1981-01-01 01:01   assets/bumpmesh/js/i18n/da.js
    22103  1981-01-01 01:01   assets/bumpmesh/js/i18n/de.js
    20365  1981-01-01 01:01   assets/bumpmesh/js/i18n/en.js
    22588  1981-01-01 01:01   assets/bumpmesh/js/i18n/es.js
    23312  1981-01-01 01:01   assets/bumpmesh/js/i18n/fr.js
    22839  1981-01-01 01:01   assets/bumpmesh/js/i18n/it.js
    24873  1981-01-01 01:01   assets/bumpmesh/js/i18n/ja.js
    23462  1981-01-01 01:01   assets/bumpmesh/js/i18n/ko.js
    22750  1981-01-01 01:01   assets/bumpmesh/js/i18n/pl.js
    22250  1981-01-01 01:01   assets/bumpmesh/js/i18n/pt.js
    33547  1981-01-01 01:01   assets/bumpmesh/js/i18n/ru.js
    23140  1981-01-01 01:01   assets/bumpmesh/js/i18n/tr.js
    31142  1981-01-01 01:01   assets/bumpmesh/js/i18n/uk.js
    19809  1981-01-01 01:01   assets/bumpmesh/js/i18n/zh.js
   259974  1981-01-01 01:01   assets/bumpmesh/js/main.js
    14200  1981-01-01 01:01   assets/bumpmesh/js/mapping.js
     4884  1981-01-01 01:01   assets/bumpmesh/js/meshIndex.js
    10784  1981-01-01 01:01   assets/bumpmesh/js/meshRepair.js
    17721  1981-01-01 01:01   assets/bumpmesh/js/meshValidation.js
     7130  1981-01-01 01:01   assets/bumpmesh/js/presetTextures.js
    24140  1981-01-01 01:01   assets/bumpmesh/js/previewMaterial.js
    26513  1981-01-01 01:01   assets/bumpmesh/js/regularize.js
    16324  1981-01-01 01:01   assets/bumpmesh/js/smartResolution.js
     3403  1981-01-01 01:01   assets/bumpmesh/js/stepConvert.js
     5755  1981-01-01 01:01   assets/bumpmesh/js/stepLoader.js
     3472  1981-01-01 01:01   assets/bumpmesh/js/stepWorker.js
    19822  1981-01-01 01:01   assets/bumpmesh/js/stlLoader.js
    29725  1981-01-01 01:01   assets/bumpmesh/js/subdivision.js
     2760  1981-01-01 01:01   assets/bumpmesh/js/textureAnalysis.js
     1217  1981-01-01 01:01   assets/bumpmesh/js/threeCompat.js
      431  1981-01-01 01:01   assets/bumpmesh/js/version.js
    41142  1981-01-01 01:01   assets/bumpmesh/js/viewer.js
   349721  1981-01-01 01:01   assets/bumpmesh/logo.png
    45004  1981-01-01 01:01   assets/bumpmesh/style.css
   327636  1981-01-01 01:01   assets/bumpmesh/textures/basket.png
   444507  1981-01-01 01:01   assets/bumpmesh/textures/brick.png
   373548  1981-01-01 01:01   assets/bumpmesh/textures/bubble.png
   135839  1981-01-01 01:01   assets/bumpmesh/textures/carbonFiber.jpg
   360025  1981-01-01 01:01   assets/bumpmesh/textures/crystal.png
    72136  1981-01-01 01:01   assets/bumpmesh/textures/dots.png
     3395  1981-01-01 01:01   assets/bumpmesh/textures/grid.png
    77988  1981-01-01 01:01   assets/bumpmesh/textures/gripSurface.jpg
    81717  1981-01-01 01:01   assets/bumpmesh/textures/hexagon.jpg
   118561  1981-01-01 01:01   assets/bumpmesh/textures/hexagons.jpg
     9342  1981-01-01 01:01   assets/bumpmesh/textures/isogrid.png
   417853  1981-01-01 01:01   assets/bumpmesh/textures/knitting.png
   153533  1981-01-01 01:01   assets/bumpmesh/textures/knurling.jpg
   356801  1981-01-01 01:01   assets/bumpmesh/textures/leather2.png
   126074  1981-01-01 01:01   assets/bumpmesh/textures/noise.jpg
     3221  1981-01-01 01:01   assets/bumpmesh/textures/stripes.png
     2656  1981-01-01 01:01   assets/bumpmesh/textures/stripes_02.png
     1560  1981-01-01 01:01   assets/bumpmesh/textures/thumbs/basket.webp
     2042  1981-01-01 01:01   assets/bumpmesh/textures/thumbs/brick.webp
     1960  1981-01-01 01:01   assets/bumpmesh/textures/thumbs/bubble.webp
     1982  1981-01-01 01:01   assets/bumpmesh/textures/thumbs/carbonFiber.webp
     1448  1981-01-01 01:01   assets/bumpmesh/textures/thumbs/crystal.webp
      592  1981-01-01 01:01   assets/bumpmesh/textures/thumbs/dots.webp
     1558  1981-01-01 01:01   assets/bumpmesh/textures/thumbs/grid.webp
     3520  1981-01-01 01:01   assets/bumpmesh/textures/thumbs/gripSurface.webp
     2390  1981-01-01 01:01   assets/bumpmesh/textures/thumbs/hexagon.webp
     2376  1981-01-01 01:01   assets/bumpmesh/textures/thumbs/hexagons.webp
     2954  1981-01-01 01:01   assets/bumpmesh/textures/thumbs/isogrid.webp
     2964  1981-01-01 01:01   assets/bumpmesh/textures/thumbs/knitting.webp
     3826  1981-01-01 01:01   assets/bumpmesh/textures/thumbs/knurling.webp
     1066  1981-01-01 01:01   assets/bumpmesh/textures/thumbs/leather2.webp
     3996  1981-01-01 01:01   assets/bumpmesh/textures/thumbs/noise.webp
      212  1981-01-01 01:01   assets/bumpmesh/textures/thumbs/stripes.webp
      188  1981-01-01 01:01   assets/bumpmesh/textures/thumbs/stripes_02.webp
     3404  1981-01-01 01:01   assets/bumpmesh/textures/thumbs/voronoi.webp
     2886  1981-01-01 01:01   assets/bumpmesh/textures/thumbs/weave.webp
     1330  1981-01-01 01:01   assets/bumpmesh/textures/thumbs/weave_02.webp
     2276  1981-01-01 01:01   assets/bumpmesh/textures/thumbs/weave_03.webp
     2736  1981-01-01 01:01   assets/bumpmesh/textures/thumbs/wood.webp
     1656  1981-01-01 01:01   assets/bumpmesh/textures/thumbs/woodgrain_02.webp
     1568  1981-01-01 01:01   assets/bumpmesh/textures/thumbs/woodgrain_03.webp
   120255  1981-01-01 01:01   assets/bumpmesh/textures/voronoi.jpg
   413884  1981-01-01 01:01   assets/bumpmesh/textures/weave.png
   321952  1981-01-01 01:01   assets/bumpmesh/textures/weave_02.jpg
   159744  1981-01-01 01:01   assets/bumpmesh/textures/weave_03.jpg
   186211  1981-01-01 01:01   assets/bumpmesh/textures/wood.jpg
  1130004  1981-01-01 01:01   assets/bumpmesh/textures/woodgrain_02.jpg
  1119651  1981-01-01 01:01   assets/bumpmesh/textures/woodgrain_03.jpg
     1069  1981-01-01 01:01   assets/bumpmesh/vendor/fflate/LICENSE
    27362  1981-01-01 01:01   assets/bumpmesh/vendor/fflate/README.md
    89198  1981-01-01 01:01   assets/bumpmesh/vendor/fflate/esm/browser.js
     3482  1981-01-01 01:01   assets/bumpmesh/vendor/fflate/package.json
    34523  1981-01-01 01:01   assets/bumpmesh/vendor/meshstep/LICENSE
    19422  1981-01-01 01:01   assets/bumpmesh/vendor/meshstep/README.md
     2505  1981-01-01 01:01   assets/bumpmesh/vendor/meshstep/dist/brep/build.d.ts
     1364  1981-01-01 01:01   assets/bumpmesh/vendor/meshstep/dist/brep/build.d.ts.map
    26233  1981-01-01 01:01   assets/bumpmesh/vendor/meshstep/dist/brep/build.js
    25207  1981-01-01 01:01   assets/bumpmesh/vendor/meshstep/dist/brep/build.js.map
     2712  1981-01-01 01:01   assets/bumpmesh/vendor/meshstep/dist/brep/measure-geometry.d.ts
     1621  1981-01-01 01:01   assets/bumpmesh/vendor/meshstep/dist/brep/measure-geometry.d.ts.map
     5308  1981-01-01 01:01   assets/bumpmesh/vendor/meshstep/dist/brep/measure-geometry.js
     6582  1981-01-01 01:01   assets/bumpmesh/vendor/meshstep/dist/brep/measure-geometry.js.map
     3013  1981-01-01 01:01   assets/bumpmesh/vendor/meshstep/dist/geom/curves.d.ts
     1580  1981-01-01 01:01   assets/bumpmesh/vendor/meshstep/dist/geom/curves.d.ts.map
    38907  1981-01-01 01:01   assets/bumpmesh/vendor/meshstep/dist/geom/curves.js
    44966  1981-01-01 01:01   assets/bumpmesh/vendor/meshstep/dist/geom/curves.js.map
      518  1981-01-01 01:01   assets/bumpmesh/vendor/meshstep/dist/geom/placement.d.ts
      607  1981-01-01 01:01   assets/bumpmesh/vendor/meshstep/dist/geom/placement.d.ts.map
     1312  1981-01-01 01:01   assets/bumpmesh/vendor/meshstep/dist/geom/placement.js
     2344  1981-01-01 01:01   assets/bumpmesh/vendor/meshstep/dist/geom/placement.js.map
     4031  1981-01-01 01:01   assets/bumpmesh/vendor/meshstep/dist/geom/surfaces.d.ts
     3209  1981-01-01 01:01   assets/bumpmesh/vendor/meshstep/dist/geom/surfaces.d.ts.map
    44308  1981-01-01 01:01   assets/bumpmesh/vendor/meshstep/dist/geom/surfaces.js
    56806  1981-01-01 01:01   assets/bumpmesh/vendor/meshstep/dist/geom/surfaces.js.map
      886  1981-01-01 01:01   assets/bumpmesh/vendor/meshstep/dist/geom/vec.d.ts
     1043  1981-01-01 01:01   assets/bumpmesh/vendor/meshstep/dist/geom/vec.d.ts.map
     1351  1981-01-01 01:01   assets/bumpmesh/vendor/meshstep/dist/geom/vec.js
     3354  1981-01-01 01:01   assets/bumpmesh/vendor/meshstep/dist/geom/vec.js.map
     8137  1981-01-01 01:01   assets/bumpmesh/vendor/meshstep/dist/index.d.ts
     2927  1981-01-01 01:01   assets/bumpmesh/vendor/meshstep/dist/index.d.ts.map
    12239  1981-01-01 01:01   assets/bumpmesh/vendor/meshstep/dist/index.js
    13347  1981-01-01 01:01   assets/bumpmesh/vendor/meshstep/dist/index.js.map
     1709  1981-01-01 01:01   assets/bumpmesh/vendor/meshstep/dist/io/stl.d.ts
      931  1981-01-01 01:01   assets/bumpmesh/vendor/meshstep/dist/io/stl.d.ts.map
     5534  1981-01-01 01:01   assets/bumpmesh/vendor/meshstep/dist/io/stl.js
     6966  1981-01-01 01:01   assets/bumpmesh/vendor/meshstep/dist/io/stl.js.map
     1262  1981-01-01 01:01   assets/bumpmesh/vendor/meshstep/dist/io/threemf.d.ts
      664  1981-01-01 01:01   assets/bumpmesh/vendor/meshstep/dist/io/threemf.d.ts.map
    17955  1981-01-01 01:01   assets/bumpmesh/vendor/meshstep/dist/io/threemf.js
    21134  1981-01-01 01:01   assets/bumpmesh/vendor/meshstep/dist/io/threemf.js.map
     1687  1981-01-01 01:01   assets/bumpmesh/vendor/meshstep/dist/mesh/attributes.d.ts
      859  1981-01-01 01:01   assets/bumpmesh/vendor/meshstep/dist/mesh/attributes.d.ts.map
     9643  1981-01-01 01:01   assets/bumpmesh/vendor/meshstep/dist/mesh/attributes.js
    12301  1981-01-01 01:01   assets/bumpmesh/vendor/meshstep/dist/mesh/attributes.js.map
      445  1981-01-01 01:01   assets/bumpmesh/vendor/meshstep/dist/mesh/cdt2d.d.ts
      407  1981-01-01 01:01   assets/bumpmesh/vendor/meshstep/dist/mesh/cdt2d.d.ts.map
    61523  1981-01-01 01:01   assets/bumpmesh/vendor/meshstep/dist/mesh/cdt2d.js
    67621  1981-01-01 01:01   assets/bumpmesh/vendor/meshstep/dist/mesh/cdt2d.js.map
     4035  1981-01-01 01:01   assets/bumpmesh/vendor/meshstep/dist/mesh/diag.d.ts
     1280  1981-01-01 01:01   assets/bumpmesh/vendor/meshstep/dist/mesh/diag.d.ts.map
     3033  1981-01-01 01:01   assets/bumpmesh/vendor/meshstep/dist/mesh/diag.js
     2688  1981-01-01 01:01   assets/bumpmesh/vendor/meshstep/dist/mesh/diag.js.map
      379  1981-01-01 01:01   assets/bumpmesh/vendor/meshstep/dist/mesh/earcut.d.ts
      226  1981-01-01 01:01   assets/bumpmesh/vendor/meshstep/dist/mesh/earcut.d.ts.map
    13480  1981-01-01 01:01   assets/bumpmesh/vendor/meshstep/dist/mesh/earcut.js
    16325  1981-01-01 01:01   assets/bumpmesh/vendor/meshstep/dist/mesh/earcut.js.map
     1031  1981-01-01 01:01   assets/bumpmesh/vendor/meshstep/dist/mesh/edge-table.d.ts
      771  1981-01-01 01:01   assets/bumpmesh/vendor/meshstep/dist/mesh/edge-table.d.ts.map
     4480  1981-01-01 01:01   assets/bumpmesh/vendor/meshstep/dist/mesh/edge-table.js
     4800  1981-01-01 01:01   assets/bumpmesh/vendor/meshstep/dist/mesh/edge-table.js.map
     2002  1981-01-01 01:01   assets/bumpmesh/vendor/meshstep/dist/mesh/face-info.d.ts
      881  1981-01-01 01:01   assets/bumpmesh/vendor/meshstep/dist/mesh/face-info.d.ts.map
     3082  1981-01-01 01:01   assets/bumpmesh/vendor/meshstep/dist/mesh/face-info.js
     3678  1981-01-01 01:01   assets/bumpmesh/vendor/meshstep/dist/mesh/face-info.js.map
      184  1981-01-01 01:01   assets/bumpmesh/vendor/meshstep/dist/mesh/orient.d.ts
      255  1981-01-01 01:01   assets/bumpmesh/vendor/meshstep/dist/mesh/orient.d.ts.map
     8350  1981-01-01 01:01   assets/bumpmesh/vendor/meshstep/dist/mesh/orient.js
     9936  1981-01-01 01:01   assets/bumpmesh/vendor/meshstep/dist/mesh/orient.js.map
      622  1981-01-01 01:01   assets/bumpmesh/vendor/meshstep/dist/mesh/refine.d.ts
      380  1981-01-01 01:01   assets/bumpmesh/vendor/meshstep/dist/mesh/refine.d.ts.map
    15321  1981-01-01 01:01   assets/bumpmesh/vendor/meshstep/dist/mesh/refine.js
    13728  1981-01-01 01:01   assets/bumpmesh/vendor/meshstep/dist/mesh/refine.js.map
      791  1981-01-01 01:01   assets/bumpmesh/vendor/meshstep/dist/mesh/remesh.d.ts
      640  1981-01-01 01:01   assets/bumpmesh/vendor/meshstep/dist/mesh/remesh.d.ts.map
    21698  1981-01-01 01:01   assets/bumpmesh/vendor/meshstep/dist/mesh/remesh.js
    31423  1981-01-01 01:01   assets/bumpmesh/vendor/meshstep/dist/mesh/remesh.js.map
     4046  1981-01-01 01:01   assets/bumpmesh/vendor/meshstep/dist/mesh/tessellate.d.ts
     1755  1981-01-01 01:01   assets/bumpmesh/vendor/meshstep/dist/mesh/tessellate.d.ts.map
   370167  1981-01-01 01:01   assets/bumpmesh/vendor/meshstep/dist/mesh/tessellate.js
   370936  1981-01-01 01:01   assets/bumpmesh/vendor/meshstep/dist/mesh/tessellate.js.map
      685  1981-01-01 01:01   assets/bumpmesh/vendor/meshstep/dist/step/assembly.d.ts
      420  1981-01-01 01:01   assets/bumpmesh/vendor/meshstep/dist/step/assembly.d.ts.map
     4306  1981-01-01 01:01   assets/bumpmesh/vendor/meshstep/dist/step/assembly.js
     3677  1981-01-01 01:01   assets/bumpmesh/vendor/meshstep/dist/step/assembly.js.map
     1085  1981-01-01 01:01   assets/bumpmesh/vendor/meshstep/dist/step/entities.d.ts
     1090  1981-01-01 01:01   assets/bumpmesh/vendor/meshstep/dist/step/entities.d.ts.map
     2401  1981-01-01 01:01   assets/bumpmesh/vendor/meshstep/dist/step/entities.js
     3227  1981-01-01 01:01   assets/bumpmesh/vendor/meshstep/dist/step/entities.js.map
     1206  1981-01-01 01:01   assets/bumpmesh/vendor/meshstep/dist/step/header.d.ts
      603  1981-01-01 01:01   assets/bumpmesh/vendor/meshstep/dist/step/header.d.ts.map
     4639  1981-01-01 01:01   assets/bumpmesh/vendor/meshstep/dist/step/header.js
     5179  1981-01-01 01:01   assets/bumpmesh/vendor/meshstep/dist/step/header.js.map
     1866  1981-01-01 01:01   assets/bumpmesh/vendor/meshstep/dist/step/measure.d.ts
      648  1981-01-01 01:01   assets/bumpmesh/vendor/meshstep/dist/step/measure.d.ts.map
     9103  1981-01-01 01:01   assets/bumpmesh/vendor/meshstep/dist/step/measure.js
     8916  1981-01-01 01:01   assets/bumpmesh/vendor/meshstep/dist/step/measure.js.map
      744  1981-01-01 01:01   assets/bumpmesh/vendor/meshstep/dist/step/parser.d.ts
      953  1981-01-01 01:01   assets/bumpmesh/vendor/meshstep/dist/step/parser.d.ts.map
     3040  1981-01-01 01:01   assets/bumpmesh/vendor/meshstep/dist/step/parser.js
     3323  1981-01-01 01:01   assets/bumpmesh/vendor/meshstep/dist/step/parser.js.map
     1102  1981-01-01 01:01   assets/bumpmesh/vendor/meshstep/dist/step/structure.d.ts
      601  1981-01-01 01:01   assets/bumpmesh/vendor/meshstep/dist/step/structure.d.ts.map
     7377  1981-01-01 01:01   assets/bumpmesh/vendor/meshstep/dist/step/structure.js
     7682  1981-01-01 01:01   assets/bumpmesh/vendor/meshstep/dist/step/structure.js.map
     1389  1981-01-01 01:01   assets/bumpmesh/vendor/meshstep/dist/step/styles.d.ts
      624  1981-01-01 01:01   assets/bumpmesh/vendor/meshstep/dist/step/styles.d.ts.map
     6771  1981-01-01 01:01   assets/bumpmesh/vendor/meshstep/dist/step/styles.js
     6977  1981-01-01 01:01   assets/bumpmesh/vendor/meshstep/dist/step/styles.js.map
      554  1981-01-01 01:01   assets/bumpmesh/vendor/meshstep/dist/step/tokenizer.d.ts
      517  1981-01-01 01:01   assets/bumpmesh/vendor/meshstep/dist/step/tokenizer.d.ts.map
     3873  1981-01-01 01:01   assets/bumpmesh/vendor/meshstep/dist/step/tokenizer.js
     4821  1981-01-01 01:01   assets/bumpmesh/vendor/meshstep/dist/step/tokenizer.js.map
     1754  1981-01-01 01:01   assets/bumpmesh/vendor/meshstep/dist/step/units.d.ts
      532  1981-01-01 01:01   assets/bumpmesh/vendor/meshstep/dist/step/units.d.ts.map
     7859  1981-01-01 01:01   assets/bumpmesh/vendor/meshstep/dist/step/units.js
     7861  1981-01-01 01:01   assets/bumpmesh/vendor/meshstep/dist/step/units.js.map
     1848  1981-01-01 01:01   assets/bumpmesh/vendor/meshstep/package.json
    27433  1981-01-01 01:01   assets/bumpmesh/vendor/meshstep/src/brep/build.ts
     8039  1981-01-01 01:01   assets/bumpmesh/vendor/meshstep/src/brep/measure-geometry.ts
    38414  1981-01-01 01:01   assets/bumpmesh/vendor/meshstep/src/geom/curves.ts
     1695  1981-01-01 01:01   assets/bumpmesh/vendor/meshstep/src/geom/placement.ts
    45549  1981-01-01 01:01   assets/bumpmesh/vendor/meshstep/src/geom/surfaces.ts
     1639  1981-01-01 01:01   assets/bumpmesh/vendor/meshstep/src/geom/vec.ts
    19586  1981-01-01 01:01   assets/bumpmesh/vendor/meshstep/src/index.ts
     5851  1981-01-01 01:01   assets/bumpmesh/vendor/meshstep/src/io/stl.ts
    19578  1981-01-01 01:01   assets/bumpmesh/vendor/meshstep/src/io/threemf.ts
    10429  1981-01-01 01:01   assets/bumpmesh/vendor/meshstep/src/mesh/attributes.ts
    56959  1981-01-01 01:01   assets/bumpmesh/vendor/meshstep/src/mesh/cdt2d.ts
     6557  1981-01-01 01:01   assets/bumpmesh/vendor/meshstep/src/mesh/diag.ts
    13475  1981-01-01 01:01   assets/bumpmesh/vendor/meshstep/src/mesh/earcut.ts
     4313  1981-01-01 01:01   assets/bumpmesh/vendor/meshstep/src/mesh/edge-table.ts
     4816  1981-01-01 01:01   assets/bumpmesh/vendor/meshstep/src/mesh/face-info.ts
     8508  1981-01-01 01:01   assets/bumpmesh/vendor/meshstep/src/mesh/orient.ts
    13352  1981-01-01 01:01   assets/bumpmesh/vendor/meshstep/src/mesh/refine.ts
    22093  1981-01-01 01:01   assets/bumpmesh/vendor/meshstep/src/mesh/remesh.ts
   346117  1981-01-01 01:01   assets/bumpmesh/vendor/meshstep/src/mesh/tessellate.ts
     4565  1981-01-01 01:01   assets/bumpmesh/vendor/meshstep/src/step/assembly.ts
     2688  1981-01-01 01:01   assets/bumpmesh/vendor/meshstep/src/step/entities.ts
     5474  1981-01-01 01:01   assets/bumpmesh/vendor/meshstep/src/step/header.ts
     8650  1981-01-01 01:01   assets/bumpmesh/vendor/meshstep/src/step/measure.ts
     3244  1981-01-01 01:01   assets/bumpmesh/vendor/meshstep/src/step/parser.ts
     7811  1981-01-01 01:01   assets/bumpmesh/vendor/meshstep/src/step/structure.ts
     7330  1981-01-01 01:01   assets/bumpmesh/vendor/meshstep/src/step/styles.ts
     3686  1981-01-01 01:01   assets/bumpmesh/vendor/meshstep/src/step/tokenizer.ts
     8098  1981-01-01 01:01   assets/bumpmesh/vendor/meshstep/src/step/units.ts
     1081  1981-01-01 01:01   assets/bumpmesh/vendor/three/LICENSE
  1314681  1981-01-01 01:01   assets/bumpmesh/vendor/three/build/three.module.js
    12117  1981-01-01 01:01   assets/bumpmesh/vendor/three/examples/jsm/Addons.js
     2592  1981-01-01 01:01   assets/bumpmesh/vendor/three/examples/jsm/animation/AnimationClipCreator.js
     9940  1981-01-01 01:01   assets/bumpmesh/vendor/three/examples/jsm/animation/CCDIKSolver.js
    25313  1981-01-01 01:01   assets/bumpmesh/vendor/three/examples/jsm/animation/MMDAnimationHelper.js
    28310  1981-01-01 01:01   assets/bumpmesh/vendor/three/examples/jsm/animation/MMDPhysics.js
     2358  1981-01-01 01:01   assets/bumpmesh/vendor/three/examples/jsm/capabilities/WebGL.js
     1077  1981-01-01 01:01   assets/bumpmesh/vendor/three/examples/jsm/capabilities/WebGPU.js
    80150  1981-01-01 01:01   assets/bumpmesh/vendor/three/examples/jsm/controls/ArcballControls.js
     8380  1981-01-01 01:01   assets/bumpmesh/vendor/three/examples/jsm/controls/DragControls.js
     6698  1981-01-01 01:01   assets/bumpmesh/vendor/three/examples/jsm/controls/FirstPersonControls.js
     7717  1981-01-01 01:01   assets/bumpmesh/vendor/three/examples/jsm/controls/FlyControls.js
      863  1981-01-01 01:01   assets/bumpmesh/vendor/three/examples/jsm/controls/MapControls.js
    32134  1981-01-01 01:01   assets/bumpmesh/vendor/three/examples/jsm/controls/OrbitControls.js
     3555  1981-01-01 01:01   assets/bumpmesh/vendor/three/examples/jsm/controls/PointerLockControls.js
    18367  1981-01-01 01:01   assets/bumpmesh/vendor/three/examples/jsm/controls/TrackballControls.js
    41663  1981-01-01 01:01   assets/bumpmesh/vendor/three/examples/jsm/controls/TransformControls.js
     9303  1981-01-01 01:01   assets/bumpmesh/vendor/three/examples/jsm/csm/CSM.js
     2824  1981-01-01 01:01   assets/bumpmesh/vendor/three/examples/jsm/csm/CSMFrustum.js
     5866  1981-01-01 01:01   assets/bumpmesh/vendor/three/examples/jsm/csm/CSMHelper.js
    10726  1981-01-01 01:01   assets/bumpmesh/vendor/three/examples/jsm/csm/CSMShader.js
    10378  1981-01-01 01:01   assets/bumpmesh/vendor/three/examples/jsm/csm/CSMShadowNode.js
     7326  1981-01-01 01:01   assets/bumpmesh/vendor/three/examples/jsm/curves/CurveExtras.js
     2534  1981-01-01 01:01   assets/bumpmesh/vendor/three/examples/jsm/curves/NURBSCurve.js
     1296  1981-01-01 01:01   assets/bumpmesh/vendor/three/examples/jsm/curves/NURBSSurface.js
     9150  1981-01-01 01:01   assets/bumpmesh/vendor/three/examples/jsm/curves/NURBSUtils.js
     1655  1981-01-01 01:01   assets/bumpmesh/vendor/three/examples/jsm/curves/NURBSVolume.js
     3374  1981-01-01 01:01   assets/bumpmesh/vendor/three/examples/jsm/effects/AnaglyphEffect.js
     6077  1981-01-01 01:01   assets/bumpmesh/vendor/three/examples/jsm/effects/AsciiEffect.js
    12954  1981-01-01 01:01   assets/bumpmesh/vendor/three/examples/jsm/effects/OutlineEffect.js
     2545  1981-01-01 01:01   assets/bumpmesh/vendor/three/examples/jsm/effects/ParallaxBarrierEffect.js
     3549  1981-01-01 01:01   assets/bumpmesh/vendor/three/examples/jsm/effects/PeppersGhostEffect.js
     1276  1981-01-01 01:01   assets/bumpmesh/vendor/three/examples/jsm/effects/StereoEffect.js
     1335  1981-01-01 01:01   assets/bumpmesh/vendor/three/examples/jsm/environments/DebugEnvironment.js
     3606  1981-01-01 01:01   assets/bumpmesh/vendor/three/examples/jsm/environments/RoomEnvironment.js
     6673  1981-01-01 01:01   assets/bumpmesh/vendor/three/examples/jsm/exporters/DRACOExporter.js
    13056  1981-01-01 01:01   assets/bumpmesh/vendor/three/examples/jsm/exporters/EXRExporter.js
    81884  1981-01-01 01:01   assets/bumpmesh/vendor/three/examples/jsm/exporters/GLTFExporter.js
     7571  1981-01-01 01:01   assets/bumpmesh/vendor/three/examples/jsm/exporters/KTX2Exporter.js
     4250  1981-01-01 01:01   assets/bumpmesh/vendor/three/examples/jsm/exporters/MMDExporter.js
     5454  1981-01-01 01:01   assets/bumpmesh/vendor/three/examples/jsm/exporters/OBJExporter.js
    12108  1981-01-01 01:01   assets/bumpmesh/vendor/three/examples/jsm/exporters/PLYExporter.js
     3890  1981-01-01 01:01   assets/bumpmesh/vendor/three/examples/jsm/exporters/STLExporter.js
    18991  1981-01-01 01:01   assets/bumpmesh/vendor/three/examples/jsm/exporters/USDZExporter.js
     1968  1981-01-01 01:01   assets/bumpmesh/vendor/three/examples/jsm/geometries/BoxLineGeometry.js
     1035  1981-01-01 01:01   assets/bumpmesh/vendor/three/examples/jsm/geometries/ConvexGeometry.js
     9217  1981-01-01 01:01   assets/bumpmesh/vendor/three/examples/jsm/geometries/DecalGeometry.js
     2894  1981-01-01 01:01   assets/bumpmesh/vendor/three/examples/jsm/geometries/InstancedPointsGeometry.js
     5472  1981-01-01 01:01   assets/bumpmesh/vendor/three/examples/jsm/geometries/ParametricGeometries.js
     2478  1981-01-01 01:01   assets/bumpmesh/vendor/three/examples/jsm/geometries/ParametricGeometry.js
     4625  1981-01-01 01:01   assets/bumpmesh/vendor/three/examples/jsm/geometries/RoundedBoxGeometry.js
    19497  1981-01-01 01:01   assets/bumpmesh/vendor/three/examples/jsm/geometries/TeapotGeometry.js
     1572  1981-01-01 01:01   assets/bumpmesh/vendor/three/examples/jsm/geometries/TextGeometry.js
     2708  1981-01-01 01:01   assets/bumpmesh/vendor/three/examples/jsm/helpers/LightProbeHelper.js
     1299  1981-01-01 01:01   assets/bumpmesh/vendor/three/examples/jsm/helpers/LightProbeHelperGPU.js
     1976  1981-01-01 01:01   assets/bumpmesh/vendor/three/examples/jsm/helpers/OctreeHelper.js
     2712  1981-01-01 01:01   assets/bumpmesh/vendor/three/examples/jsm/helpers/PositionalAudioHelper.js
     2051  1981-01-01 01:01   assets/bumpmesh/vendor/three/examples/jsm/helpers/RectAreaLightHelper.js
     4438  1981-01-01 01:01   assets/bumpmesh/vendor/three/examples/jsm/helpers/TextureHelper.js
     3415  1981-01-01 01:01   assets/bumpmesh/vendor/three/examples/jsm/helpers/TextureHelperGPU.js
     1811  1981-01-01 01:01   assets/bumpmesh/vendor/three/examples/jsm/helpers/VertexNormalsHelper.js
     1659  1981-01-01 01:01   assets/bumpmesh/vendor/three/examples/jsm/helpers/VertexTangentsHelper.js
     8611  1981-01-01 01:01   assets/bumpmesh/vendor/three/examples/jsm/helpers/ViewHelper.js
    12871  1981-01-01 01:01   assets/bumpmesh/vendor/three/examples/jsm/interactive/HTMLMesh.js
     2463  1981-01-01 01:01   assets/bumpmesh/vendor/three/examples/jsm/interactive/InteractiveGroup.js
     6139  1981-01-01 01:01   assets/bumpmesh/vendor/three/examples/jsm/interactive/SelectionBox.js
     2579  1981-01-01 01:01   assets/bumpmesh/vendor/three/examples/jsm/interactive/SelectionHelper.js
   393768  1981-01-01 01:01   assets/bumpmesh/vendor/three/examples/jsm/libs/ammo.wasm.js
   651386  1981-01-01 01:01   assets/bumpmesh/vendor/three/examples/jsm/libs/ammo.wasm.wasm
     1448  1981-01-01 01:01   assets/bumpmesh/vendor/three/examples/jsm/libs/basis/README.md
    57529  1981-01-01 01:01   assets/bumpmesh/vendor/three/examples/jsm/libs/basis/basis_transcoder.js
   527333  1981-01-01 01:01   assets/bumpmesh/vendor/three/examples/jsm/libs/basis/basis_transcoder.wasm
   157440  1981-01-01 01:01   assets/bumpmesh/vendor/three/examples/jsm/libs/chevrotain.module.min.js
     1489  1981-01-01 01:01   assets/bumpmesh/vendor/three/examples/jsm/libs/draco/README.md
   719410  1981-01-01 01:01   assets/bumpmesh/vendor/three/examples/jsm/libs/draco/draco_decoder.js
   285747  1981-01-01 01:01   assets/bumpmesh/vendor/three/examples/jsm/libs/draco/draco_decoder.wasm
   928718  1981-01-01 01:01   assets/bumpmesh/vendor/three/examples/jsm/libs/draco/draco_encoder.js
    58763  1981-01-01 01:01   assets/bumpmesh/vendor/three/examples/jsm/libs/draco/draco_wasm_wrapper.js
   512465  1981-01-01 01:01   assets/bumpmesh/vendor/three/examples/jsm/libs/draco/gltf/draco_decoder.js
   192420  1981-01-01 01:01   assets/bumpmesh/vendor/three/examples/jsm/libs/draco/gltf/draco_decoder.wasm
   954360  1981-01-01 01:01   assets/bumpmesh/vendor/three/examples/jsm/libs/draco/gltf/draco_encoder.js
    58456  1981-01-01 01:01   assets/bumpmesh/vendor/three/examples/jsm/libs/draco/gltf/draco_wasm_wrapper.js
    45516  1981-01-01 01:01   assets/bumpmesh/vendor/three/examples/jsm/libs/ecsy.module.js
    89384  1981-01-01 01:01   assets/bumpmesh/vendor/three/examples/jsm/libs/fflate.module.js
    19440  1981-01-01 01:01   assets/bumpmesh/vendor/three/examples/jsm/libs/ktx-parse.module.js
    29526  1981-01-01 01:01   assets/bumpmesh/vendor/three/examples/jsm/libs/lil-gui.module.min.js
   476971  1981-01-01 01:01   assets/bumpmesh/vendor/three/examples/jsm/libs/lottie_canvas.module.js
    24850  1981-01-01 01:01   assets/bumpmesh/vendor/three/examples/jsm/libs/meshopt_decoder.module.js
    48525  1981-01-01 01:01   assets/bumpmesh/vendor/three/examples/jsm/libs/mikktspace.module.js
   158598  1981-01-01 01:01   assets/bumpmesh/vendor/three/examples/jsm/libs/mmdparser.module.js
    13492  1981-01-01 01:01   assets/bumpmesh/vendor/three/examples/jsm/libs/motion-controllers.module.js
   467478  1981-01-01 01:01   assets/bumpmesh/vendor/three/examples/jsm/libs/opentype.module.js
     3951  1981-01-01 01:01   assets/bumpmesh/vendor/three/examples/jsm/libs/potpack.module.js
   142554  1981-01-01 01:01   assets/bumpmesh/vendor/three/examples/jsm/libs/rhino3dm/rhino3dm.js
   142396  1981-01-01 01:01   assets/bumpmesh/vendor/three/examples/jsm/libs/rhino3dm/rhino3dm.module.js
  2545991  1981-01-01 01:01   assets/bumpmesh/vendor/three/examples/jsm/libs/rhino3dm/rhino3dm.wasm
     3514  1981-01-01 01:01   assets/bumpmesh/vendor/three/examples/jsm/libs/stats.module.js
     5545  1981-01-01 01:01   assets/bumpmesh/vendor/three/examples/jsm/libs/surfaceNet.js
    32316  1981-01-01 01:01   assets/bumpmesh/vendor/three/examples/jsm/libs/tween.module.js
   100835  1981-01-01 01:01   assets/bumpmesh/vendor/three/examples/jsm/libs/utif.module.js
    39754  1981-01-01 01:01   assets/bumpmesh/vendor/three/examples/jsm/libs/zstddec.module.js
      263  1981-01-01 01:01   assets/bumpmesh/vendor/three/examples/jsm/lighting/TiledLighting.js
     6480  1981-01-01 01:01   assets/bumpmesh/vendor/three/examples/jsm/lights/LightProbeGenerator.js
   314097  1981-01-01 01:01   assets/bumpmesh/vendor/three/examples/jsm/lights/RectAreaLightTexturesLib.js
      516  1981-01-01 01:01   assets/bumpmesh/vendor/three/examples/jsm/lights/RectAreaLightUniformsLib.js
      433  1981-01-01 01:01   assets/bumpmesh/vendor/three/examples/jsm/lines/Line2.js
     1458  1981-01-01 01:01   assets/bumpmesh/vendor/three/examples/jsm/lines/LineGeometry.js
    10986  1981-01-01 01:01   assets/bumpmesh/vendor/three/examples/jsm/lines/LineMaterial.js
     9607  1981-01-01 01:01   assets/bumpmesh/vendor/three/examples/jsm/lines/LineSegments2.js
     4693  1981-01-01 01:01   assets/bumpmesh/vendor/three/examples/jsm/lines/LineSegmentsGeometry.js
     1863  1981-01-01 01:01   assets/bumpmesh/vendor/three/examples/jsm/lines/Wireframe.js
      419  1981-01-01 01:01   assets/bumpmesh/vendor/three/examples/jsm/lines/WireframeGeometry2.js
      412  1981-01-01 01:01   assets/bumpmesh/vendor/three/examples/jsm/lines/webgpu/Line2.js
     9301  1981-01-01 01:01   assets/bumpmesh/vendor/three/examples/jsm/lines/webgpu/LineSegments2.js
     1548  1981-01-01 01:01   assets/bumpmesh/vendor/three/examples/jsm/lines/webgpu/Wireframe.js
    37524  1981-01-01 01:01   assets/bumpmesh/vendor/three/examples/jsm/loaders/3DMLoader.js
    37140  1981-01-01 01:01   assets/bumpmesh/vendor/three/examples/jsm/loaders/3MFLoader.js
    10668  1981-01-01 01:01   assets/bumpmesh/vendor/three/examples/jsm/loaders/AMFLoader.js
     9019  1981-01-01 01:01   assets/bumpmesh/vendor/three/examples/jsm/loaders/BVHLoader.js
    84013  1981-01-01 01:01   assets/bumpmesh/vendor/three/examples/jsm/loaders/ColladaLoader.js
     7161  1981-01-01 01:01   assets/bumpmesh/vendor/three/examples/jsm/loaders/DDSLoader.js
    13699  1981-01-01 01:01   assets/bumpmesh/vendor/three/examples/jsm/loaders/DRACOLoader.js
    61180  1981-01-01 01:01   assets/bumpmesh/vendor/three/examples/jsm/loaders/EXRLoader.js
   102995  1981-01-01 01:01   assets/bumpmesh/vendor/three/examples/jsm/loaders/FBXLoader.js
     3204  1981-01-01 01:01   assets/bumpmesh/vendor/three/examples/jsm/loaders/FontLoader.js
     5409  1981-01-01 01:01   assets/bumpmesh/vendor/three/examples/jsm/loaders/GCodeLoader.js
   110273  1981-01-01 01:01   assets/bumpmesh/vendor/three/examples/jsm/loaders/GLTFLoader.js
     2183  1981-01-01 01:01   assets/bumpmesh/vendor/three/examples/jsm/loaders/HDRCubeTextureLoader.js
     7096  1981-01-01 01:01   assets/bumpmesh/vendor/three/examples/jsm/loaders/IESLoader.js
     2211  1981-01-01 01:01   assets/bumpmesh/vendor/three/examples/jsm/loaders/KMZLoader.js
    27164  1981-01-01 01:01   assets/bumpmesh/vendor/three/examples/jsm/loaders/KTX2Loader.js
     6450  1981-01-01 01:01   assets/bumpmesh/vendor/three/examples/jsm/loaders/KTXLoader.js
    54508  1981-01-01 01:01   assets/bumpmesh/vendor/three/examples/jsm/loaders/LDrawLoader.js
     3754  1981-01-01 01:01   assets/bumpmesh/vendor/three/examples/jsm/loaders/LUT3dlLoader.js
     3181  1981-01-01 01:01   assets/bumpmesh/vendor/three/examples/jsm/loaders/LUTCubeLoader.js
     2894  1981-01-01 01:01   assets/bumpmesh/vendor/three/examples/jsm/loaders/LUTImageLoader.js
    23543  1981-01-01 01:01   assets/bumpmesh/vendor/three/examples/jsm/loaders/LWOLoader.js
     1521  1981-01-01 01:01   assets/bumpmesh/vendor/three/examples/jsm/loaders/LottieLoader.js
    12372  1981-01-01 01:01   assets/bumpmesh/vendor/three/examples/jsm/loaders/MD2Loader.js
     2304  1981-01-01 01:01   assets/bumpmesh/vendor/three/examples/jsm/loaders/MDDLoader.js
    52572  1981-01-01 01:01   assets/bumpmesh/vendor/three/examples/jsm/loaders/MMDLoader.js
    10697  1981-01-01 01:01   assets/bumpmesh/vendor/three/examples/jsm/loaders/MTLLoader.js
    18304  1981-01-01 01:01   assets/bumpmesh/vendor/three/examples/jsm/loaders/MaterialXLoader.js
    13481  1981-01-01 01:01   assets/bumpmesh/vendor/three/examples/jsm/loaders/NRRDLoader.js
    21194  1981-01-01 01:01   assets/bumpmesh/vendor/three/examples/jsm/loaders/OBJLoader.js
    12344  1981-01-01 01:01   assets/bumpmesh/vendor/three/examples/jsm/loaders/PCDLoader.js
     6881  1981-01-01 01:01   assets/bumpmesh/vendor/three/examples/jsm/loaders/PDBLoader.js
    16639  1981-01-01 01:01   assets/bumpmesh/vendor/three/examples/jsm/loaders/PLYLoader.js
     4718  1981-01-01 01:01   assets/bumpmesh/vendor/three/examples/jsm/loaders/PVRLoader.js
    11377  1981-01-01 01:01   assets/bumpmesh/vendor/three/examples/jsm/loaders/RGBELoader.js
    28516  1981-01-01 01:01   assets/bumpmesh/vendor/three/examples/jsm/loaders/RGBMLoader.js
    10043  1981-01-01 01:01   assets/bumpmesh/vendor/three/examples/jsm/loaders/STLLoader.js
    69698  1981-01-01 01:01   assets/bumpmesh/vendor/three/examples/jsm/loaders/SVGLoader.js
    24660  1981-01-01 01:01   assets/bumpmesh/vendor/three/examples/jsm/loaders/TDSLoader.js
    11150  1981-01-01 01:01   assets/bumpmesh/vendor/three/examples/jsm/loaders/TGALoader.js
      572  1981-01-01 01:01   assets/bumpmesh/vendor/three/examples/jsm/loaders/TIFFLoader.js
     4212  1981-01-01 01:01   assets/bumpmesh/vendor/three/examples/jsm/loaders/TTFLoader.js
    18770  1981-01-01 01:01   assets/bumpmesh/vendor/three/examples/jsm/loaders/USDZLoader.js
    13431  1981-01-01 01:01   assets/bumpmesh/vendor/three/examples/jsm/loaders/UltraHDRLoader.js
     8913  1981-01-01 01:01   assets/bumpmesh/vendor/three/examples/jsm/loaders/VOXLoader.js
    73366  1981-01-01 01:01   assets/bumpmesh/vendor/three/examples/jsm/loaders/VRMLLoader.js
    28999  1981-01-01 01:01   assets/bumpmesh/vendor/three/examples/jsm/loaders/VTKLoader.js
     1927  1981-01-01 01:01   assets/bumpmesh/vendor/three/examples/jsm/loaders/XYZLoader.js
    26544  1981-01-01 01:01   assets/bumpmesh/vendor/three/examples/jsm/loaders/lwo/IFFParser.js
    10137  1981-01-01 01:01   assets/bumpmesh/vendor/three/examples/jsm/loaders/lwo/LWO2Parser.js
     9269  1981-01-01 01:01   assets/bumpmesh/vendor/three/examples/jsm/loaders/lwo/LWO3Parser.js
     3323  1981-01-01 01:01   assets/bumpmesh/vendor/three/examples/jsm/materials/LDrawConditionalLineMaterial.js
     2844  1981-01-01 01:01   assets/bumpmesh/vendor/three/examples/jsm/materials/LDrawConditionalLineNodeMaterial.js
     9948  1981-01-01 01:01   assets/bumpmesh/vendor/three/examples/jsm/materials/MeshGouraudMaterial.js
     4134  1981-01-01 01:01   assets/bumpmesh/vendor/three/examples/jsm/materials/MeshPostProcessingMaterial.js
     1524  1981-01-01 01:01   assets/bumpmesh/vendor/three/examples/jsm/math/Capsule.js
      723  1981-01-01 01:01   assets/bumpmesh/vendor/three/examples/jsm/math/ColorConverter.js
     2462  1981-01-01 01:01   assets/bumpmesh/vendor/three/examples/jsm/math/ColorSpaces.js
    21832  1981-01-01 01:01   assets/bumpmesh/vendor/three/examples/jsm/math/ConvexHull.js
     2564  1981-01-01 01:01   assets/bumpmesh/vendor/three/examples/jsm/math/ImprovedNoise.js
     3765  1981-01-01 01:01   assets/bumpmesh/vendor/three/examples/jsm/math/Lut.js
     5690  1981-01-01 01:01   assets/bumpmesh/vendor/three/examples/jsm/math/MeshSurfaceSampler.js
    10227  1981-01-01 01:01   assets/bumpmesh/vendor/three/examples/jsm/math/OBB.js
    10556  1981-01-01 01:01   assets/bumpmesh/vendor/three/examples/jsm/math/Octree.js
    14351  1981-01-01 01:01   assets/bumpmesh/vendor/three/examples/jsm/math/SimplexNoise.js
    13577  1981-01-01 01:01   assets/bumpmesh/vendor/three/examples/jsm/misc/ConvexObjectBreaker.js
    11486  1981-01-01 01:01   assets/bumpmesh/vendor/three/examples/jsm/misc/GPUComputationRenderer.js
     1188  1981-01-01 01:01   assets/bumpmesh/vendor/three/examples/jsm/misc/Gyroscope.js
     5216  1981-01-01 01:01   assets/bumpmesh/vendor/three/examples/jsm/misc/MD2Character.js
    11980  1981-01-01 01:01   assets/bumpmesh/vendor/three/examples/jsm/misc/MD2CharacterComplex.js
     1107  1981-01-01 01:01   assets/bumpmesh/vendor/three/examples/jsm/misc/MorphAnimMesh.js
     5459  1981-01-01 01:01   assets/bumpmesh/vendor/three/examples/jsm/misc/MorphBlendMesh.js
    11338  1981-01-01 01:01   assets/bumpmesh/vendor/three/examples/jsm/misc/ProgressiveLightMap.js
     9327  1981-01-01 01:01   assets/bumpmesh/vendor/three/examples/jsm/misc/ProgressiveLightMapGPU.js
    13795  1981-01-01 01:01   assets/bumpmesh/vendor/three/examples/jsm/misc/RollerCoaster.js
     1937  1981-01-01 01:01   assets/bumpmesh/vendor/three/examples/jsm/misc/Timer.js
     4573  1981-01-01 01:01   assets/bumpmesh/vendor/three/examples/jsm/misc/TubePainter.js
    13488  1981-01-01 01:01   assets/bumpmesh/vendor/three/examples/jsm/misc/Volume.js
     6272  1981-01-01 01:01   assets/bumpmesh/vendor/three/examples/jsm/misc/VolumeSlice.js
     9594  1981-01-01 01:01   assets/bumpmesh/vendor/three/examples/jsm/modifiers/CurveModifier.js
     6614  1981-01-01 01:01   assets/bumpmesh/vendor/three/examples/jsm/modifiers/CurveModifierGPU.js
     5296  1981-01-01 01:01   assets/bumpmesh/vendor/three/examples/jsm/modifiers/EdgeSplitModifier.js
    12228  1981-01-01 01:01   assets/bumpmesh/vendor/three/examples/jsm/modifiers/SimplifyModifier.js
     6159  1981-01-01 01:01   assets/bumpmesh/vendor/three/examples/jsm/modifiers/TessellateModifier.js
     1413  1981-01-01 01:01   assets/bumpmesh/vendor/three/examples/jsm/objects/GroundedSkybox.js
      425  1981-01-01 01:01   assets/bumpmesh/vendor/three/examples/jsm/objects/InstancedPoints.js
     8810  1981-01-01 01:01   assets/bumpmesh/vendor/three/examples/jsm/objects/Lensflare.js
     8338  1981-01-01 01:01   assets/bumpmesh/vendor/three/examples/jsm/objects/LensflareMesh.js
    38025  1981-01-01 01:01   assets/bumpmesh/vendor/three/examples/jsm/objects/MarchingCubes.js
     7043  1981-01-01 01:01   assets/bumpmesh/vendor/three/examples/jsm/objects/Reflector.js
    10416  1981-01-01 01:01   assets/bumpmesh/vendor/three/examples/jsm/objects/ReflectorForSSRPass.js
     8168  1981-01-01 01:01   assets/bumpmesh/vendor/three/examples/jsm/objects/Refractor.js
     2030  1981-01-01 01:01   assets/bumpmesh/vendor/three/examples/jsm/objects/ShadowMesh.js
     6819  1981-01-01 01:01   assets/bumpmesh/vendor/three/examples/jsm/objects/Sky.js
     6841  1981-01-01 01:01   assets/bumpmesh/vendor/three/examples/jsm/objects/SkyMesh.js
    11216  1981-01-01 01:01   assets/bumpmesh/vendor/three/examples/jsm/objects/Water.js
     8711  1981-01-01 01:01   assets/bumpmesh/vendor/three/examples/jsm/objects/Water2.js
     4540  1981-01-01 01:01   assets/bumpmesh/vendor/three/examples/jsm/objects/Water2Mesh.js
     3943  1981-01-01 01:01   assets/bumpmesh/vendor/three/examples/jsm/objects/WaterMesh.js
      645  1981-01-01 01:01   assets/bumpmesh/vendor/three/examples/jsm/offscreen/jank.js
      188  1981-01-01 01:01   assets/bumpmesh/vendor/three/examples/jsm/offscreen/offscreen.js
     2078  1981-01-01 01:01   assets/bumpmesh/vendor/three/examples/jsm/offscreen/scene.js
     7018  1981-01-01 01:01   assets/bumpmesh/vendor/three/examples/jsm/physics/AmmoPhysics.js
     6753  1981-01-01 01:01   assets/bumpmesh/vendor/three/examples/jsm/physics/JoltPhysics.js
     4783  1981-01-01 01:01   assets/bumpmesh/vendor/three/examples/jsm/physics/RapierPhysics.js
     2567  1981-01-01 01:01   assets/bumpmesh/vendor/three/examples/jsm/postprocessing/AfterimagePass.js
     4001  1981-01-01 01:01   assets/bumpmesh/vendor/three/examples/jsm/postprocessing/BloomPass.js
     3394  1981-01-01 01:01   assets/bumpmesh/vendor/three/examples/jsm/postprocessing/BokehPass.js
      875  1981-01-01 01:01   assets/bumpmesh/vendor/three/examples/jsm/postprocessing/ClearPass.js
     1940  1981-01-01 01:01   assets/bumpmesh/vendor/three/examples/jsm/postprocessing/CubeTexturePass.js
     1368  1981-01-01 01:01   assets/bumpmesh/vendor/three/examples/jsm/postprocessing/DotScreenPass.js
     4651  1981-01-01 01:01   assets/bumpmesh/vendor/three/examples/jsm/postprocessing/EffectComposer.js
     1236  1981-01-01 01:01   assets/bumpmesh/vendor/three/examples/jsm/postprocessing/FilmPass.js
    16582  1981-01-01 01:01   assets/bumpmesh/vendor/three/examples/jsm/postprocessing/GTAOPass.js
     2950  1981-01-01 01:01   assets/bumpmesh/vendor/three/examples/jsm/postprocessing/GlitchPass.js
     1522  1981-01-01 01:01   assets/bumpmesh/vendor/three/examples/jsm/postprocessing/HalftonePass.js
     1664  1981-01-01 01:01   assets/bumpmesh/vendor/three/examples/jsm/postprocessing/LUTPass.js
     2231  1981-01-01 01:01   assets/bumpmesh/vendor/three/examples/jsm/postprocessing/MaskPass.js
    20116  1981-01-01 01:01   assets/bumpmesh/vendor/three/examples/jsm/postprocessing/OutlinePass.js
     2524  1981-01-01 01:01   assets/bumpmesh/vendor/three/examples/jsm/postprocessing/OutputPass.js
     1706  1981-01-01 01:01   assets/bumpmesh/vendor/three/examples/jsm/postprocessing/Pass.js
     1941  1981-01-01 01:01   assets/bumpmesh/vendor/three/examples/jsm/postprocessing/RenderPass.js
     6228  1981-01-01 01:01   assets/bumpmesh/vendor/three/examples/jsm/postprocessing/RenderPixelatedPass.js
     3163  1981-01-01 01:01   assets/bumpmesh/vendor/three/examples/jsm/postprocessing/RenderTransitionPass.js
    11339  1981-01-01 01:01   assets/bumpmesh/vendor/three/examples/jsm/postprocessing/SAOPass.js
    49467  1981-01-01 01:01   assets/bumpmesh/vendor/three/examples/jsm/postprocessing/SMAAPass.js
     6113  1981-01-01 01:01   assets/bumpmesh/vendor/three/examples/jsm/postprocessing/SSAARenderPass.js
    11116  1981-01-01 01:01   assets/bumpmesh/vendor/three/examples/jsm/postprocessing/SSAOPass.js
    18770  1981-01-01 01:01   assets/bumpmesh/vendor/three/examples/jsm/postprocessing/SSRPass.js
     1440  1981-01-01 01:01   assets/bumpmesh/vendor/three/examples/jsm/postprocessing/SavePass.js
     1576  1981-01-01 01:01   assets/bumpmesh/vendor/three/examples/jsm/postprocessing/ShaderPass.js
     4878  1981-01-01 01:01   assets/bumpmesh/vendor/three/examples/jsm/postprocessing/TAARenderPass.js
     1345  1981-01-01 01:01   assets/bumpmesh/vendor/three/examples/jsm/postprocessing/TexturePass.js
    12410  1981-01-01 01:01   assets/bumpmesh/vendor/three/examples/jsm/postprocessing/UnrealBloomPass.js
     4701  1981-01-01 01:01   assets/bumpmesh/vendor/three/examples/jsm/renderers/CSS2DRenderer.js
     8092  1981-01-01 01:01   assets/bumpmesh/vendor/three/examples/jsm/renderers/CSS3DRenderer.js
    19380  1981-01-01 01:01   assets/bumpmesh/vendor/three/examples/jsm/renderers/Projector.js
    12669  1981-01-01 01:01   assets/bumpmesh/vendor/three/examples/jsm/renderers/SVGRenderer.js
     1910  1981-01-01 01:01   assets/bumpmesh/vendor/three/examples/jsm/shaders/ACESFilmicToneMappingShader.js
      903  1981-01-01 01:01   assets/bumpmesh/vendor/three/examples/jsm/shaders/AfterimageShader.js
      351  1981-01-01 01:01   assets/bumpmesh/vendor/three/examples/jsm/shaders/BasicShader.js
     1164  1981-01-01 01:01   assets/bumpmesh/vendor/three/examples/jsm/shaders/BleachBypassShader.js
      754  1981-01-01 01:01   assets/bumpmesh/vendor/three/examples/jsm/shaders/BlendShader.js
     5769  1981-01-01 01:01   assets/bumpmesh/vendor/three/examples/jsm/shaders/BokehShader.js
     9678  1981-01-01 01:01   assets/bumpmesh/vendor/three/examples/jsm/shaders/BokehShader2.js
     1066  1981-01-01 01:01   assets/bumpmesh/vendor/three/examples/jsm/shaders/BrightnessContrastShader.js
      822  1981-01-01 01:01   assets/bumpmesh/vendor/three/examples/jsm/shaders/ColorCorrectionShader.js
      660  1981-01-01 01:01   assets/bumpmesh/vendor/three/examples/jsm/shaders/ColorifyShader.js
     1809  1981-01-01 01:01   assets/bumpmesh/vendor/three/examples/jsm/shaders/ConvolutionShader.js
      571  1981-01-01 01:01   assets/bumpmesh/vendor/three/examples/jsm/shaders/CopyShader.js
      918  1981-01-01 01:01   assets/bumpmesh/vendor/three/examples/jsm/shaders/DOFMipMapShader.js
     3707  1981-01-01 01:01   assets/bumpmesh/vendor/three/examples/jsm/shaders/DepthLimitedBlurShader.js
     2574  1981-01-01 01:01   assets/bumpmesh/vendor/three/examples/jsm/shaders/DigitalGlitch.js
     1204  1981-01-01 01:01   assets/bumpmesh/vendor/three/examples/jsm/shaders/DotScreenShader.js
      567  1981-01-01 01:01   assets/bumpmesh/vendor/three/examples/jsm/shaders/ExposureShader.js
     6621  1981-01-01 01:01   assets/bumpmesh/vendor/three/examples/jsm/shaders/FXAAShader.js
      923  1981-01-01 01:01   assets/bumpmesh/vendor/three/examples/jsm/shaders/FilmShader.js
     2305  1981-01-01 01:01   assets/bumpmesh/vendor/three/examples/jsm/shaders/FocusShader.js
     2970  1981-01-01 01:01   assets/bumpmesh/vendor/three/examples/jsm/shaders/FreiChenShader.js
    12990  1981-01-01 01:01   assets/bumpmesh/vendor/three/examples/jsm/shaders/GTAOShader.js
      595  1981-01-01 01:01   assets/bumpmesh/vendor/three/examples/jsm/shaders/GammaCorrectionShader.js
     6826  1981-01-01 01:01   assets/bumpmesh/vendor/three/examples/jsm/shaders/GodRaysShader.js
     8584  1981-01-01 01:01   assets/bumpmesh/vendor/three/examples/jsm/shaders/HalftoneShader.js
     1452  1981-01-01 01:01   assets/bumpmesh/vendor/three/examples/jsm/shaders/HorizontalBlurShader.js
     1585  1981-01-01 01:01   assets/bumpmesh/vendor/three/examples/jsm/shaders/HorizontalTiltShiftShader.js
     1480  1981-01-01 01:01   assets/bumpmesh/vendor/three/examples/jsm/shaders/HueSaturationShader.js
     1014  1981-01-01 01:01   assets/bumpmesh/vendor/three/examples/jsm/shaders/KaleidoShader.js
     1147  1981-01-01 01:01   assets/bumpmesh/vendor/three/examples/jsm/shaders/LuminosityHighPassShader.js
      624  1981-01-01 01:01   assets/bumpmesh/vendor/three/examples/jsm/shaders/LuminosityShader.js
     3466  1981-01-01 01:01   assets/bumpmesh/vendor/three/examples/jsm/shaders/MMDToonShader.js
      914  1981-01-01 01:01   assets/bumpmesh/vendor/three/examples/jsm/shaders/MirrorShader.js
      995  1981-01-01 01:01   assets/bumpmesh/vendor/three/examples/jsm/shaders/NormalMapShader.js
     1490  1981-01-01 01:01   assets/bumpmesh/vendor/three/examples/jsm/shaders/OutputShader.js
     6614  1981-01-01 01:01   assets/bumpmesh/vendor/three/examples/jsm/shaders/PoissonDenoiseShader.js
     1115  1981-01-01 01:01   assets/bumpmesh/vendor/three/examples/jsm/shaders/RGBShiftShader.js
     4879  1981-01-01 01:01   assets/bumpmesh/vendor/three/examples/jsm/shaders/SAOShader.js
    14628  1981-01-01 01:01   assets/bumpmesh/vendor/three/examples/jsm/shaders/SMAAShader.js
     6478  1981-01-01 01:01   assets/bumpmesh/vendor/three/examples/jsm/shaders/SSAOShader.js
     9405  1981-01-01 01:01   assets/bumpmesh/vendor/three/examples/jsm/shaders/SSRShader.js
      936  1981-01-01 01:01   assets/bumpmesh/vendor/three/examples/jsm/shaders/SepiaShader.js
     2352  1981-01-01 01:01   assets/bumpmesh/vendor/three/examples/jsm/shaders/SobelOperatorShader.js
     3238  1981-01-01 01:01   assets/bumpmesh/vendor/three/examples/jsm/shaders/SubsurfaceScatteringShader.js
      864  1981-01-01 01:01   assets/bumpmesh/vendor/three/examples/jsm/shaders/TechnicolorShader.js
     6779  1981-01-01 01:01   assets/bumpmesh/vendor/three/examples/jsm/shaders/ToonShader.js
     1278  1981-01-01 01:01   assets/bumpmesh/vendor/three/examples/jsm/shaders/TriangleBlurShader.js
      709  1981-01-01 01:01   assets/bumpmesh/vendor/three/examples/jsm/shaders/UnpackDepthRGBAShader.js
     2996  1981-01-01 01:01   assets/bumpmesh/vendor/three/examples/jsm/shaders/VelocityShader.js
     1446  1981-01-01 01:01   assets/bumpmesh/vendor/three/examples/jsm/shaders/VerticalBlurShader.js
     1579  1981-01-01 01:01   assets/bumpmesh/vendor/three/examples/jsm/shaders/VerticalTiltShiftShader.js
      893  1981-01-01 01:01   assets/bumpmesh/vendor/three/examples/jsm/shaders/VignetteShader.js
     9745  1981-01-01 01:01   assets/bumpmesh/vendor/three/examples/jsm/shaders/VolumeShader.js
     1809  1981-01-01 01:01   assets/bumpmesh/vendor/three/examples/jsm/shaders/WaterRefractionShader.js
      876  1981-01-01 01:01   assets/bumpmesh/vendor/three/examples/jsm/textures/FlakesTexture.js
     3116  1981-01-01 01:01   assets/bumpmesh/vendor/three/examples/jsm/transpiler/AST.js
    17787  1981-01-01 01:01   assets/bumpmesh/vendor/three/examples/jsm/transpiler/GLSLDecoder.js
     1010  1981-01-01 01:01   assets/bumpmesh/vendor/three/examples/jsm/transpiler/ShaderToyDecoder.js
    13658  1981-01-01 01:01   assets/bumpmesh/vendor/three/examples/jsm/transpiler/TSLEncoder.js
      228  1981-01-01 01:01   assets/bumpmesh/vendor/three/examples/jsm/transpiler/Transpiler.js
     3284  1981-01-01 01:01   assets/bumpmesh/vendor/three/examples/jsm/tsl/display/AfterImageNode.js
     1641  1981-01-01 01:01   assets/bumpmesh/vendor/three/examples/jsm/tsl/display/AnaglyphPassNode.js
     3289  1981-01-01 01:01   assets/bumpmesh/vendor/three/examples/jsm/tsl/display/AnamorphicNode.js
      671  1981-01-01 01:01   assets/bumpmesh/vendor/three/examples/jsm/tsl/display/BleachBypass.js
     9517  1981-01-01 01:01   assets/bumpmesh/vendor/three/examples/jsm/tsl/display/BloomNode.js
     5527  1981-01-01 01:01   assets/bumpmesh/vendor/three/examples/jsm/tsl/display/DenoiseNode.js
     6042  1981-01-01 01:01   assets/bumpmesh/vendor/three/examples/jsm/tsl/display/DepthOfFieldNode.js
     1317  1981-01-01 01:01   assets/bumpmesh/vendor/three/examples/jsm/tsl/display/DotScreenNode.js
     8107  1981-01-01 01:01   assets/bumpmesh/vendor/three/examples/jsm/tsl/display/FXAANode.js
      890  1981-01-01 01:01   assets/bumpmesh/vendor/three/examples/jsm/tsl/display/FilmNode.js
     9030  1981-01-01 01:01   assets/bumpmesh/vendor/three/examples/jsm/tsl/display/GTAONode.js
     5978  1981-01-01 01:01   assets/bumpmesh/vendor/three/examples/jsm/tsl/display/GaussianBlurNode.js
     3845  1981-01-01 01:01   assets/bumpmesh/vendor/three/examples/jsm/tsl/display/LensflareNode.js
     1205  1981-01-01 01:01   assets/bumpmesh/vendor/three/examples/jsm/tsl/display/Lut3DNode.js
      624  1981-01-01 01:01   assets/bumpmesh/vendor/three/examples/jsm/tsl/display/MotionBlur.js
    12774  1981-01-01 01:01   assets/bumpmesh/vendor/three/examples/jsm/tsl/display/OutlineNode.js
     1126  1981-01-01 01:01   assets/bumpmesh/vendor/three/examples/jsm/tsl/display/ParallaxBarrierPassNode.js
     5882  1981-01-01 01:01   assets/bumpmesh/vendor/three/examples/jsm/tsl/display/PixelationPassNode.js
     1032  1981-01-01 01:01   assets/bumpmesh/vendor/three/examples/jsm/tsl/display/RGBShiftNode.js
    64527  1981-01-01 01:01   assets/bumpmesh/vendor/three/examples/jsm/tsl/display/SMAANode.js
     6665  1981-01-01 01:01   assets/bumpmesh/vendor/three/examples/jsm/tsl/display/SSAAPassNode.js
    12081  1981-01-01 01:01   assets/bumpmesh/vendor/three/examples/jsm/tsl/display/SSRNode.js
      371  1981-01-01 01:01   assets/bumpmesh/vendor/three/examples/jsm/tsl/display/Sepia.js
     3086  1981-01-01 01:01   assets/bumpmesh/vendor/three/examples/jsm/tsl/display/SobelOperatorNode.js
     2435  1981-01-01 01:01   assets/bumpmesh/vendor/three/examples/jsm/tsl/display/StereoCompositePassNode.js
     2001  1981-01-01 01:01   assets/bumpmesh/vendor/three/examples/jsm/tsl/display/StereoPassNode.js
    10018  1981-01-01 01:01   assets/bumpmesh/vendor/three/examples/jsm/tsl/display/TRAAPassNode.js
     1923  1981-01-01 01:01   assets/bumpmesh/vendor/three/examples/jsm/tsl/display/TransitionNode.js
      824  1981-01-01 01:01   assets/bumpmesh/vendor/three/examples/jsm/tsl/display/hashBlur.js
     9425  1981-01-01 01:01   assets/bumpmesh/vendor/three/examples/jsm/tsl/lighting/TiledLightsNode.js
    31768  1981-01-01 01:01   assets/bumpmesh/vendor/three/examples/jsm/utils/BufferGeometryUtils.js
     2850  1981-01-01 01:01   assets/bumpmesh/vendor/three/examples/jsm/utils/CameraUtils.js
    12530  1981-01-01 01:01   assets/bumpmesh/vendor/three/examples/jsm/utils/GeometryCompressionUtils.js
     5113  1981-01-01 01:01   assets/bumpmesh/vendor/three/examples/jsm/utils/GeometryUtils.js
     5808  1981-01-01 01:01   assets/bumpmesh/vendor/three/examples/jsm/utils/LDrawUtils.js
     6588  1981-01-01 01:01   assets/bumpmesh/vendor/three/examples/jsm/utils/SceneUtils.js
     5454  1981-01-01 01:01   assets/bumpmesh/vendor/three/examples/jsm/utils/ShadowMapViewer.js
     5255  1981-01-01 01:01   assets/bumpmesh/vendor/three/examples/jsm/utils/ShadowMapViewerGPU.js
     8802  1981-01-01 01:01   assets/bumpmesh/vendor/three/examples/jsm/utils/SkeletonUtils.js
     3112  1981-01-01 01:01   assets/bumpmesh/vendor/three/examples/jsm/utils/SortUtils.js
     3097  1981-01-01 01:01   assets/bumpmesh/vendor/three/examples/jsm/utils/UVsDebug.js
     2420  1981-01-01 01:01   assets/bumpmesh/vendor/three/examples/jsm/utils/WebGLTextureUtils.js
     1563  1981-01-01 01:01   assets/bumpmesh/vendor/three/examples/jsm/utils/WebGPUTextureUtils.js
     1712  1981-01-01 01:01   assets/bumpmesh/vendor/three/examples/jsm/utils/WorkerPool.js
     4800  1981-01-01 01:01   assets/bumpmesh/vendor/three/examples/jsm/webxr/ARButton.js
     1808  1981-01-01 01:01   assets/bumpmesh/vendor/three/examples/jsm/webxr/OculusHandModel.js
    10094  1981-01-01 01:01   assets/bumpmesh/vendor/three/examples/jsm/webxr/OculusHandPointerModel.js
     1041  1981-01-01 01:01   assets/bumpmesh/vendor/three/examples/jsm/webxr/Text2D.js
     4801  1981-01-01 01:01   assets/bumpmesh/vendor/three/examples/jsm/webxr/VRButton.js
     4074  1981-01-01 01:01   assets/bumpmesh/vendor/three/examples/jsm/webxr/XRButton.js
     7207  1981-01-01 01:01   assets/bumpmesh/vendor/three/examples/jsm/webxr/XRControllerModelFactory.js
     5308  1981-01-01 01:01   assets/bumpmesh/vendor/three/examples/jsm/webxr/XREstimatedLight.js
     2449  1981-01-01 01:01   assets/bumpmesh/vendor/three/examples/jsm/webxr/XRHandMeshModel.js
     1961  1981-01-01 01:01   assets/bumpmesh/vendor/three/examples/jsm/webxr/XRHandModelFactory.js
     2316  1981-01-01 01:01   assets/bumpmesh/vendor/three/examples/jsm/webxr/XRHandPrimitiveModel.js
     1937  1981-01-01 01:01   assets/bumpmesh/vendor/three/examples/jsm/webxr/XRPlanes.js
     7548  1981-01-01 01:01   assets/cura/definitions/creality_base.def.json
      355  1981-01-01 01:01   assets/cura/definitions/creality_base_extruder_0.def.json
     1780  1981-01-01 01:01   assets/cura/definitions/creality_ender3.def.json
    13987  1981-01-01 01:01   assets/cura/definitions/fdmextruder.def.json
   562758  1981-01-01 01:01   assets/cura/definitions/fdmprinter.def.json
      184  1981-01-01 01:01   assets/cura/definitions/version.txt
      298  1981-01-01 01:01   assets/gcode/end.gcode
      577  1981-01-01 01:01   assets/gcode/start.gcode
      636  1981-01-01 01:01   assets/printers/modified_ender3_v2.json
     7512  1981-01-01 01:01   AndroidManifest.xml
      340  1981-01-01 01:01   res/color/vector_tint_color.xml
      340  1981-01-01 01:01   res/color/vector_tint_theme_color.xml
      212  1981-01-01 01:01   res/drawable-hdpi-v4/notification_bg_low_normal.9.png
      225  1981-01-01 01:01   res/drawable-hdpi-v4/notification_bg_low_pressed.9.png
      212  1981-01-01 01:01   res/drawable-hdpi-v4/notification_bg_normal.9.png
      225  1981-01-01 01:01   res/drawable-hdpi-v4/notification_bg_normal_pressed.9.png
      909  1981-01-01 01:01   res/drawable-hdpi-v4/notification_oversize_large_icon_bg.png
      107  1981-01-01 01:01   res/drawable-hdpi-v4/notify_panel_notification_icon_bg.png
      215  1981-01-01 01:01   res/drawable-mdpi-v4/notification_bg_low_normal.9.png
      223  1981-01-01 01:01   res/drawable-mdpi-v4/notification_bg_low_pressed.9.png
      215  1981-01-01 01:01   res/drawable-mdpi-v4/notification_bg_normal.9.png
      223  1981-01-01 01:01   res/drawable-mdpi-v4/notification_bg_normal_pressed.9.png
       98  1981-01-01 01:01   res/drawable-mdpi-v4/notify_panel_notification_icon_bg.png
      221  1981-01-01 01:01   res/drawable-xhdpi-v4/notification_bg_low_normal.9.png
      252  1981-01-01 01:01   res/drawable-xhdpi-v4/notification_bg_low_pressed.9.png
      221  1981-01-01 01:01   res/drawable-xhdpi-v4/notification_bg_normal.9.png
      247  1981-01-01 01:01   res/drawable-xhdpi-v4/notification_bg_normal_pressed.9.png
      138  1981-01-01 01:01   res/drawable-xhdpi-v4/notify_panel_notification_icon_bg.png
     2288  1981-01-01 01:01   res/drawable/esc_icon_foreground.xml
     1356  1981-01-01 01:01   res/drawable/ic_call_answer.xml
     1320  1981-01-01 01:01   res/drawable/ic_call_answer_low.xml
      772  1981-01-01 01:01   res/drawable/ic_call_answer_video.xml
      736  1981-01-01 01:01   res/drawable/ic_call_answer_video_low.xml
     1528  1981-01-01 01:01   res/drawable/ic_call_decline.xml
     1492  1981-01-01 01:01   res/drawable/ic_call_decline_low.xml
     1180  1981-01-01 01:01   res/drawable/notification_action_background.xml
      532  1981-01-01 01:01   res/drawable/notification_bg.xml
      532  1981-01-01 01:01   res/drawable/notification_bg_low.xml
      372  1981-01-01 01:01   res/drawable/notification_icon_background.xml
      304  1981-01-01 01:01   res/drawable/notification_tile_bg.xml
      612  1981-01-01 01:01   res/layout/custom_dialog.xml
      364  1981-01-01 01:01   res/layout/ime_base_split_test_activity.xml
      876  1981-01-01 01:01   res/layout/ime_secondary_split_test_activity.xml
     1052  1981-01-01 01:01   res/layout/notification_action.xml
     1228  1981-01-01 01:01   res/layout/notification_action_tombstone.xml
     2456  1981-01-01 01:01   res/layout/notification_template_custom_big.xml
      988  1981-01-01 01:01   res/layout/notification_template_icon_group.xml
      440  1981-01-01 01:01   res/layout/notification_template_part_chronometer.xml
      440  1981-01-01 01:01   res/layout/notification_template_part_time.xml
      448  1981-01-01 01:01   res/mipmap-anydpi-v26/ic_launcher.xml
      312  1981-01-01 01:01   res/xml/backup_rules.xml
      576  1981-01-01 01:01   res/xml/data_extraction_rules.xml
      416  1981-01-01 01:01   res/xml/file_paths.xml
      700  1981-01-01 01:01   res/xml/network_security_config.xml
   475344  1981-01-01 01:01   resources.arsc
     1728  1981-01-01 01:01   DebugProbesKt.bin
        7  1981-01-01 01:01   META-INF/androidx.activity_activity-compose.version
        7  1981-01-01 01:01   META-INF/androidx.activity_activity-ktx.version
        7  1981-01-01 01:01   META-INF/androidx.activity_activity.version
        6  1981-01-01 01:01   META-INF/androidx.annotation_annotation-experimental.version
       67  1981-01-01 01:01   META-INF/androidx.arch.core_core-runtime.version
        6  1981-01-01 01:01   META-INF/androidx.autofill_autofill.version
        7  1981-01-01 01:01   META-INF/androidx.compose.animation_animation-core.version
        7  1981-01-01 01:01   META-INF/androidx.compose.animation_animation.version
        7  1981-01-01 01:01   META-INF/androidx.compose.foundation_foundation-layout.version
        7  1981-01-01 01:01   META-INF/androidx.compose.foundation_foundation.version
        6  1981-01-01 01:01   META-INF/androidx.compose.material3_material3.version
        7  1981-01-01 01:01   META-INF/androidx.compose.material_material-ripple.version
        7  1981-01-01 01:01   META-INF/androidx.compose.runtime_runtime-annotation.version
        7  1981-01-01 01:01   META-INF/androidx.compose.runtime_runtime-retain.version
        7  1981-01-01 01:01   META-INF/androidx.compose.runtime_runtime-saveable.version
        7  1981-01-01 01:01   META-INF/androidx.compose.runtime_runtime.version
        7  1981-01-01 01:01   META-INF/androidx.compose.ui_ui-geometry.version
        7  1981-01-01 01:01   META-INF/androidx.compose.ui_ui-graphics.version
        7  1981-01-01 01:01   META-INF/androidx.compose.ui_ui-test-manifest.version
        7  1981-01-01 01:01   META-INF/androidx.compose.ui_ui-text.version
        7  1981-01-01 01:01   META-INF/androidx.compose.ui_ui-tooling-data.version
        7  1981-01-01 01:01   META-INF/androidx.compose.ui_ui-tooling-preview.version
        7  1981-01-01 01:01   META-INF/androidx.compose.ui_ui-tooling.version
        7  1981-01-01 01:01   META-INF/androidx.compose.ui_ui-unit.version
        7  1981-01-01 01:01   META-INF/androidx.compose.ui_ui-util.version
        7  1981-01-01 01:01   META-INF/androidx.compose.ui_ui.version
        7  1981-01-01 01:01   META-INF/androidx.core_core-ktx.version
        6  1981-01-01 01:01   META-INF/androidx.core_core-viewtree.version
        7  1981-01-01 01:01   META-INF/androidx.core_core.version
        6  1981-01-01 01:01   META-INF/androidx.customview_customview-poolingcontainer.version
        6  1981-01-01 01:01   META-INF/androidx.documentfile_documentfile.version
        6  1981-01-01 01:01   META-INF/androidx.dynamicanimation_dynamicanimation.version
        6  1981-01-01 01:01   META-INF/androidx.emoji2_emoji2.version
        6  1981-01-01 01:01   META-INF/androidx.graphics_graphics-path.version
        6  1981-01-01 01:01   META-INF/androidx.interpolator_interpolator.version
        6  1981-01-01 01:01   META-INF/androidx.legacy_legacy-support-core-utils.version
        7  1981-01-01 01:01   META-INF/androidx.lifecycle_lifecycle-livedata-core-ktx.version
        7  1981-01-01 01:01   META-INF/androidx.lifecycle_lifecycle-livedata-core.version
        7  1981-01-01 01:01   META-INF/androidx.lifecycle_lifecycle-livedata.version
        7  1981-01-01 01:01   META-INF/androidx.lifecycle_lifecycle-process.version
        7  1981-01-01 01:01   META-INF/androidx.lifecycle_lifecycle-runtime-compose.version
        7  1981-01-01 01:01   META-INF/androidx.lifecycle_lifecycle-runtime-ktx.version
        7  1981-01-01 01:01   META-INF/androidx.lifecycle_lifecycle-runtime.version
        7  1981-01-01 01:01   META-INF/androidx.lifecycle_lifecycle-viewmodel-compose.version
        7  1981-01-01 01:01   META-INF/androidx.lifecycle_lifecycle-viewmodel-ktx.version
        7  1981-01-01 01:01   META-INF/androidx.lifecycle_lifecycle-viewmodel-savedstate.version
        7  1981-01-01 01:01   META-INF/androidx.lifecycle_lifecycle-viewmodel.version
        6  1981-01-01 01:01   META-INF/androidx.loader_loader.version
        6  1981-01-01 01:01   META-INF/androidx.localbroadcastmanager_localbroadcastmanager.version
        6  1981-01-01 01:01   META-INF/androidx.navigationevent_navigationevent-compose.version
        6  1981-01-01 01:01   META-INF/androidx.navigationevent_navigationevent.version
        6  1981-01-01 01:01   META-INF/androidx.print_print.version
        6  1981-01-01 01:01   META-INF/androidx.profileinstaller_profileinstaller.version
        6  1981-01-01 01:01   META-INF/androidx.savedstate_savedstate-compose.version
        6  1981-01-01 01:01   META-INF/androidx.savedstate_savedstate-ktx.version
        6  1981-01-01 01:01   META-INF/androidx.savedstate_savedstate.version
        6  1981-01-01 01:01   META-INF/androidx.startup_startup-runtime.version
        6  1981-01-01 01:01   META-INF/androidx.tracing_tracing.version
        6  1981-01-01 01:01   META-INF/androidx.transition_transition.version
        6  1981-01-01 01:01   META-INF/androidx.versionedparcelable_versionedparcelable.version
        7  1981-01-01 01:01   META-INF/androidx.webkit_webkit.version
        6  1981-01-01 01:01   META-INF/androidx.window_window-core.version
        6  1981-01-01 01:01   META-INF/androidx.window_window.version
    10175  1981-01-01 01:01   META-INF/androidx/annotation/annotation/LICENSE.txt
    10175  1981-01-01 01:01   META-INF/androidx/collection/collection-ktx/LICENSE.txt
    10175  1981-01-01 01:01   META-INF/androidx/collection/collection/LICENSE.txt
    10175  1981-01-01 01:01   META-INF/androidx/lifecycle/lifecycle-common-java8/LICENSE.txt
    10175  1981-01-01 01:01   META-INF/androidx/lifecycle/lifecycle-common/LICENSE.txt
        5  1981-01-01 01:01   META-INF/kotlinx_coroutines_android.version
        5  1981-01-01 01:01   META-INF/kotlinx_coroutines_core.version
       54  1981-01-01 01:01   META-INF/services/kotlinx.coroutines.CoroutineExceptionHandler
       52  1981-01-01 01:01   META-INF/services/kotlinx.coroutines.internal.MainDispatcherFactory
     1022  1981-01-01 01:01   kotlin/annotation/annotation.kotlin_builtins
     8625  1981-01-01 01:01   kotlin/collections/collections.kotlin_builtins
     2882  1981-01-01 01:01   kotlin/concurrent/atomics/atomics.kotlin_builtins
      139  1981-01-01 01:01   kotlin/coroutines/coroutines.kotlin_builtins
      596  1981-01-01 01:01   kotlin/internal/internal.kotlin_builtins
    30920  1981-01-01 01:01   kotlin/kotlin.kotlin_builtins
     4353  1981-01-01 01:01   kotlin/ranges/ranges.kotlin_builtins
     4859  1981-01-01 01:01   kotlin/reflect/reflect.kotlin_builtins
---------                     -------
 61489547                     760 files
